Toucan Payments - Engineering Challenge
Test Run Results

Command:
.\mvnw.cmd clean test

Result:
Tests run: 7
Failures: 0
Errors: 0
Skipped: 0

BUILD SUCCESS